gplink-1.4.0 #1107 (Apr  3 2018)
Copyright (c) 1998-2014 gputils project
Listing File Generated: 1-21-2020  01:03:05
 
 
Address  Value    Disassembly              Source
-------  -----    -----------              ------
                                           ;--------------------------------------------------------
                                           ; File Created by SDCC : free open source ANSI-C Compiler
                                           ; Version 4.0.0 #11525 (Linux)
                                           ;--------------------------------------------------------
                                           ; PIC port for the 14-bit core
                                           ;--------------------------------------------------------
                                           ;	.file	"helloworld.c"
                                           	list	p=16f690
                                           	radix dec
                                           	include "p16f690.inc"
                                                   LIST
                                           
                                           ;==========================================================================
                                           ; Build date : Aug 07 2014
                                           ;  MPASM PIC16F690 processor include
                                           ; 
                                           ;  (c) Copyright 1999-2014 Microchip Technology, All rights reserved
                                           ;==========================================================================
                                           
                                                   NOLIST
                                           ;--------------------------------------------------------
                                           ; config word(s)
                                           ;--------------------------------------------------------
002007   3ff4     addlw   0xf4             	__config 0x3ff4
                                           ;--------------------------------------------------------
                                           ; external declarations
                                           ;--------------------------------------------------------
                                           	extern	_TRISCbits
                                           	extern	_PORTCbits
                                           	extern	__sdcc_gsinit_startup
                                           ;--------------------------------------------------------
                                           ; global declarations
                                           ;--------------------------------------------------------
                                           	global	_main
                                           	global	_delay
                                           
                                           	global PSAVE
                                           	global SSAVE
                                           	global WSAVE
                                           	global STK12
                                           	global STK11
                                           	global STK10
                                           	global STK09
                                           	global STK08
                                           	global STK07
                                           	global STK06
                                           	global STK05
                                           	global STK04
                                           	global STK03
                                           	global STK02
                                           	global STK01
                                           	global STK00
                                           
                                           sharebank udata_ovr 0x0070
                                           PSAVE	res 1
                                           SSAVE	res 1
                                           WSAVE	res 1
                                           STK12	res 1
                                           STK11	res 1
                                           STK10	res 1
                                           STK09	res 1
                                           STK08	res 1
                                           STK07	res 1
                                           STK06	res 1
                                           STK05	res 1
                                           STK04	res 1
                                           STK03	res 1
                                           STK02	res 1
                                           STK01	res 1
                                           STK00	res 1
                                           
                                           ;--------------------------------------------------------
                                           ; global definitions
                                           ;--------------------------------------------------------
                                           ;--------------------------------------------------------
                                           ; absolute symbol definitions
                                           ;--------------------------------------------------------
                                           ;--------------------------------------------------------
                                           ; compiler-defined variables
                                           ;--------------------------------------------------------
                                           UDL_helloworld_0	udata
                                           r0x1001	res	1
                                           r0x1000	res	1
                                           r0x1002	res	1
                                           r0x1003	res	1
                                           ;--------------------------------------------------------
                                           ; initialized data
                                           ;--------------------------------------------------------
                                           ;--------------------------------------------------------
                                           ; initialized absolute data
                                           ;--------------------------------------------------------
                                           ;--------------------------------------------------------
                                           ; overlayable items in internal ram 
                                           ;--------------------------------------------------------
                                           ;	udata_ovr
                                           ;--------------------------------------------------------
                                           ; reset vector 
                                           ;--------------------------------------------------------
                                           STARTUP	code 0x0000
000000   0000     nop                      	nop
000001   118a     bcf     0x0a, 0x3        	pagesel __sdcc_gsinit_startup
000002   2803     goto    0x0003           	goto	__sdcc_gsinit_startup
                                           ;--------------------------------------------------------
                                           ; code
                                           ;--------------------------------------------------------
                                           code_helloworld	code
                                           ;***
                                           ;  pBlock Stats: dbName = M
                                           ;***
                                           ;has an exit
                                           ;functions called:
                                           ;   _delay
                                           ;   _delay
                                           ;   _delay
                                           ;   _delay
                                           ;1 compiler assigned register :
                                           ;   STK00
                                           ;; Starting pCode block
                                           S_helloworld__main	code
                                           _main:
                                           ; 2 exit points
                                           ;	.line	23; "helloworld.c"	LED_TRIS = 0; // pin as output
0000d3   1683     bsf     0x03, 0x5        	BANKSEL	_TRISCbits
0000d4   1303     bcf     0x03, 0x6        
0000d5   1007     bcf     0x07, 0x0        	BCF	_TRISCbits,0
                                           ;	.line	24; "helloworld.c"	LED_PORT = 0; // LED off
0000d6   1283     bcf     0x03, 0x5        	BANKSEL	_PORTCbits
0000d7   1303     bcf     0x03, 0x6        
0000d8   1007     bcf     0x07, 0x0        	BCF	_PORTCbits,0
                                           _00126_DS_:
                                           ;	.line	27; "helloworld.c"	LED_PORT = 1; // pull up
0000d9   1283     bcf     0x03, 0x5        	BANKSEL	_PORTCbits
0000da   1303     bcf     0x03, 0x6        
0000db   1407     bsf     0x07, 0x0        	BSF	_PORTCbits,0
                                           ;	.line	28; "helloworld.c"	delay(30000); // ~500ms @ 4Mhz
0000dc   3030     movlw   0x30             	MOVLW	0x30
0000dd   00ff     movwf   0x7f             	MOVWF	STK00
0000de   3075     movlw   0x75             	MOVLW	0x75
0000df   118a     bcf     0x0a, 0x3        	PAGESEL	_delay
0000e0   20ed     call    0x00ed           	CALL	_delay
0000e1   118a     bcf     0x0a, 0x3        	PAGESEL	$
                                           ;	.line	29; "helloworld.c"	LED_PORT = 0; // pull down
0000e2   1283     bcf     0x03, 0x5        	BANKSEL	_PORTCbits
0000e3   1303     bcf     0x03, 0x6        
0000e4   1007     bcf     0x07, 0x0        	BCF	_PORTCbits,0
                                           ;	.line	30; "helloworld.c"	delay(30000);
0000e5   3030     movlw   0x30             	MOVLW	0x30
0000e6   00ff     movwf   0x7f             	MOVWF	STK00
0000e7   3075     movlw   0x75             	MOVLW	0x75
0000e8   118a     bcf     0x0a, 0x3        	PAGESEL	_delay
0000e9   20ed     call    0x00ed           	CALL	_delay
0000ea   118a     bcf     0x0a, 0x3        	PAGESEL	$
0000eb   28d9     goto    0x00d9           	GOTO	_00126_DS_
                                           ;	.line	32; "helloworld.c"	}
0000ec   0008     return                   	RETURN	
                                           ; exit point of _main
                                           
                                           ;***
                                           ;  pBlock Stats: dbName = C
                                           ;***
                                           ;has an exit
                                           ;5 compiler assigned registers:
                                           ;   r0x1000
                                           ;   STK00
                                           ;   r0x1001
                                           ;   r0x1002
                                           ;   r0x1003
                                           ;; Starting pCode block
                                           S_helloworld__delay	code
                                           _delay:
                                           ; 2 exit points
                                           ;	.line	12; "helloworld.c"	void delay(uint16_t iterations)
0000ed   1283     bcf     0x03, 0x5        	BANKSEL	r0x1000
0000ee   1303     bcf     0x03, 0x6        
0000ef   00ad     movwf   0x2d             	MOVWF	r0x1000
0000f0   087f     movf    0x7f, 0x0        	MOVF	STK00,W
0000f1   00ac     movwf   0x2c             	MOVWF	r0x1001
                                           ;	.line	15; "helloworld.c"	for (i = 0; i < iterations; i++) {
0000f2   01ae     clrf    0x2e             	CLRF	r0x1002
0000f3   01af     clrf    0x2f             	CLRF	r0x1003
                                           _00107_DS_:
0000f4   1283     bcf     0x03, 0x5        	BANKSEL	r0x1000
0000f5   1303     bcf     0x03, 0x6        
0000f6   082d     movf    0x2d, 0x0        	MOVF	r0x1000,W
0000f7   022f     subwf   0x2f, 0x0        	SUBWF	r0x1003,W
0000f8   1d03     btfss   0x03, 0x2        	BTFSS	STATUS,2
0000f9   28fc     goto    0x00fc           	GOTO	_00120_DS_
0000fa   082c     movf    0x2c, 0x0        	MOVF	r0x1001,W
0000fb   022e     subwf   0x2e, 0x0        	SUBWF	r0x1002,W
                                           _00120_DS_:
0000fc   1803     btfsc   0x03, 0x0        	BTFSC	STATUS,0
0000fd   2905     goto    0x0105           	GOTO	_00109_DS_
                                           ;;genSkipc:3307: created from rifx:0x7ffc0bc0a720
0000fe   0000     nop                      	nop	
                                           ;	.line	15; "helloworld.c"	for (i = 0; i < iterations; i++) {
0000ff   1283     bcf     0x03, 0x5        	BANKSEL	r0x1002
000100   1303     bcf     0x03, 0x6        
000101   0aae     incf    0x2e, 0x1        	INCF	r0x1002,F
000102   1903     btfsc   0x03, 0x2        	BTFSC	STATUS,2
000103   0aaf     incf    0x2f, 0x1        	INCF	r0x1003,F
000104   28f4     goto    0x00f4           	GOTO	_00107_DS_
                                           _00109_DS_:
                                           ;	.line	19; "helloworld.c"	}
000105   0008     return                   	RETURN	
                                           ; exit point of _delay
                                           
                                           
                                           ;	code size estimation:
                                           ;	   32+   11 =    43 instructions (  108 byte)
                                           
                                           	end
                                                   LIST
                                           
                                           ;==========================================================================
                                           ; Build date : Aug 07 2014
                                           ;  MPASM PIC16F877 processor include
                                           ; 
                                           ;  (c) Copyright 1999-2014 Microchip Technology, All rights reserved
                                           ;==========================================================================
                                           
                                                   NOLIST
                                                   LIST
                                           
                                           ;==========================================================================
                                           ; Build date : Aug 07 2014
                                           ;  MPASM PIC16F690 processor include
                                           ; 
                                           ;  (c) Copyright 1999-2014 Microchip Technology, All rights reserved
                                           ;==========================================================================
                                           
                                                   NOLIST
